
IEEE 695 OMF Linker Version 3.10
Copyright (C) 1999-2001 ZiLOG, Inc. All Rights Reserved

LINK MAP:

DATE:      Mon Sep 17 20:53:19 2007
PROCESSOR: assembler
FILES:     C:\PROGRA~1\ZILOG\ZDSII_~1.0\lib\vectors24.obj
           C:\PROGRA~1\ZILOG\ZDSII_~1.0\lib\init_params_f91.obj
           C:\PROGRA~1\ZILOG\ZDSII_~1.0\lib\cstartup.obj
           .\Buttons.obj          .\Console.obj          .\LedMatrix.obj        
           .\LedTimer.obj         .\main.obj             
           C:\PROGRA~1\ZILOG\ZDSII_~1.0\lib\crtD.lib
           C:\PROGRA~1\ZILOG\ZDSII_~1.0\lib\fpdumy.obj
           


COMMAND LIST:
=============
/* Link Control File - ez80f91_console_demo Debug - RAM */

/* compiler options */
/* -alias -asm -const:ROM -debug -define:_EZ80F91 -NOexpmac */
/* -NOfplib -intsrc -intrinsic -keepasm -NOkeeplst -NOlist */
/* -NOlistinc -maxerrs:50 -NOmodsect -promote -quiet -strict */
/* -NOwatch -optsize -localopt -localcse -localfold -localcopy */
/* -peephole -globalopt -NOglobalcse -NOglobalfold -NOglobalcopy */
/* -NOloopopt -NOsdiopt -NOjmpopt -usrinc:"..\include" -cpu:EZ80F91 */
/* -bitfieldsize:24 -charsize:8 -doublesize:32 -floatsize:32 */
/* -intsize:24 -longsize:32 -shortsize:16 -asmsw:"-cpu:EZ80F91" */

/* assembler options */
/* -debug -genobj -NOigcase -list -NOlistmac -name -pagelen:56 */
/* -pagewidth:80 -quiet -warn -NOzmasm -sdiopt -cpu:EZ80F91 */

-FORMAT=OMF695
-NOigcase -map -NOquiet -warn -NOxref

RANGE ROM $000000 : $03FFFF
RANGE RAM $FFE000 : $FFFFFF
RANGE EXTIO $0 : $FFFF
RANGE INTIO $0 : $FF

CHANGE TEXT is ROM
CHANGE STRSECT is ROM

ORDER .RESET,.IVECTS,.STARTUP,CODE,DATA
COPY DATA ROM

DEFINE __low_romdata = copy base of DATA
DEFINE __low_data = base of DATA
DEFINE __len_data = length of DATA
DEFINE __low_bss = base of BSS
DEFINE __len_bss = length of BSS
DEFINE __stack = highaddr of RAM - 2
DEFINE __heaptop = highaddr of RAM - 2
DEFINE __heapbot = top of RAM
DEFINE __low_romcode = copy base of CODE
DEFINE __low_code = base of CODE
DEFINE __len_code = length of CODE
DEFINE __copy_code_to_ram = 0

DEFINE __crtl = 1
DEFINE __CS0_LBR_INIT_PARAM = $00
DEFINE __CS0_UBR_INIT_PARAM = $00
DEFINE __CS0_CTL_INIT_PARAM = $00
DEFINE __CS1_LBR_INIT_PARAM = $00
DEFINE __CS1_UBR_INIT_PARAM = $07
DEFINE __CS1_CTL_INIT_PARAM = $28
DEFINE __CS2_LBR_INIT_PARAM = $00
DEFINE __CS2_UBR_INIT_PARAM = $00
DEFINE __CS2_CTL_INIT_PARAM = $00
DEFINE __CS3_LBR_INIT_PARAM = $00
DEFINE __CS3_UBR_INIT_PARAM = $00
DEFINE __CS3_CTL_INIT_PARAM = $00
DEFINE __RAM_CTL_INIT_PARAM = $80
DEFINE __RAM_ADDR_U_INIT_PARAM = $FF
DEFINE __FLASH_CTL_INIT_PARAM = $80
DEFINE __FLASH_ADDR_U_INIT_PARAM = $00

"C:\PROGRA~1\ZILOG\ZDSII_~1.0\SAMPLES\EZ80F9~6\SRC\ez80f91_devboard_demo.lod"=  C:\PROGRA~1\ZILOG\ZDSII_~1.0\lib\vectors24.obj,  C:\PROGRA~1\ZILOG\ZDSII_~1.0\lib\init_params_f91.obj,  C:\PROGRA~1\ZILOG\ZDSII_~1.0\lib\cstartup.obj,  .\Buttons.obj,  .\Console.obj,  .\LedMatrix.obj,  .\LedTimer.obj,  .\main.obj,  C:\PROGRA~1\ZILOG\ZDSII_~1.0\lib\crtD.lib,  C:\PROGRA~1\ZILOG\ZDSII_~1.0\lib\fpdumy.obj


SPACE ALLOCATION:
=================

Space              Base        Top         Size
------------------ ----------- ----------- ---------
RAM                   D:FFE000    D:FFE7FD      7feh
ROM                   C:000000    C:002481     2482h


SEGMENTS WITHIN SPACE:
======================

RAM                Type                Base        Top         Size
------------------ ------------------- ----------- ----------- ---------
.IVECTS            normal data            D:FFE000    D:FFE3FF      400h
BSS                normal data            D:FFE7D7    D:FFE7FD       27h
DATA               normal data            D:FFE400    D:FFE7D6      3d7h


ROM                Type                Base        Top         Size
------------------ ------------------- ----------- ----------- ---------
.RESET             normal data            C:000000    C:00006D       6eh
.STARTUP           normal data            C:00006E    C:000189      11ch
CODE               normal data            C:00018A    C:002023     1e9ah
DATA               * segment copy *       C:0020AB    C:002481      3d7h
STRSECT            normal data            C:002028    C:0020AA       83h
TEXT               normal data            C:002024    C:002027        4h

SEGMENTS WITHIN MODULES:
========================

Module: .\BUTTONS.C (File: Buttons.obj) Version: 1:0 09/15/2007 23:56:07

    Name                                        Base        Top      Size
    --------------------------------------- ----------- ----------- ---------
    Segment: CODE                              C:0001D2    C:0002CC       fbh


Module: .\CONSOLE.C (File: Console.obj) Version: 1:0 09/15/2007 23:56:09

    Name                                        Base        Top      Size
    --------------------------------------- ----------- ----------- ---------
    Segment: BSS                               D:FFE7D7    D:FFE7D8        2h
    Segment: CODE                              C:0002CD    C:00046C      1a0h


Module: .\LEDMATRIX.C (File: LedMatrix.obj) Version: 1:0 09/15/2007 23:56:11

    Name                                        Base        Top      Size
    --------------------------------------- ----------- ----------- ---------
    Segment: BSS                               D:FFE7D9    D:FFE7DF        7h
    Segment: CODE                              C:00046D    C:00067C      210h
    Segment: DATA                              D:FFE403    D:FFE782      380h


Module: .\LEDTIMER.C (File: LedTimer.obj) Version: 1:0 09/15/2007 23:56:13

    Name                                        Base        Top      Size
    --------------------------------------- ----------- ----------- ---------
    Segment: BSS                               D:FFE7E0    D:FFE7E4        5h
    Segment: CODE                              C:00067D    C:0007C7      14bh


Module: .\MAIN.C (File: main.obj) Version: 1:0 09/16/2007 22:38:33

    Name                                        Base        Top      Size
    --------------------------------------- ----------- ----------- ---------
    Segment: CODE                              C:0007C8    C:0008AA       e3h
    Segment: DATA                              D:FFE783    D:FFE78A        8h
    Segment: STRSECT                           C:002028    C:0020AA       83h
    Segment: TEXT                              C:002024    C:002027        4h


Module: .\strcat.asm (Library: crtD.lib) Version: 1:0 07/11/2003 10:37:32

    Name                                        Base        Top      Size
    --------------------------------------- ----------- ----------- ---------
    Segment: CODE                              C:001029    C:00105A       32h


Module: .\strlen.asm (Library: crtD.lib) Version: 1:0 07/11/2003 10:37:32

    Name                                        Base        Top      Size
    --------------------------------------- ----------- ----------- ---------
    Segment: CODE                              C:001349    C:001367       1fh


Module: C:\ZilogSW\Build\candidate\temp2\eZ80\src\rtl\common\case.asm (Library: crtD.lib) Version: 1:0 07/11/2003 10:37:28

    Name                                        Base        Top      Size
    --------------------------------------- ----------- ----------- ---------
    Segment: CODE                              C:0018E5    C:001910       2ch


Module: C:\ZilogSW\Build\candidate\temp2\eZ80\src\rtl\common\iand.asm (Library: crtD.lib) Version: 1:0 07/11/2003 10:37:28

    Name                                        Base        Top      Size
    --------------------------------------- ----------- ----------- ---------
    Segment: CODE                              C:0008EC    C:000918       2dh


Module: C:\ZilogSW\Build\candidate\temp2\eZ80\src\rtl\common\imuls.asm (Library: crtD.lib) Version: 1:0 07/11/2003 10:37:28

    Name                                        Base        Top      Size
    --------------------------------------- ----------- ----------- ---------
    Segment: CODE                              C:001072    C:001141       d0h


Module: C:\ZilogSW\Build\candidate\temp2\eZ80\src\rtl\common\ineg.asm (Library: crtD.lib) Version: 1:0 07/11/2003 10:37:29

    Name                                        Base        Top      Size
    --------------------------------------- ----------- ----------- ---------
    Segment: CODE                              C:001EE1    C:001EED        dh


Module: C:\ZilogSW\Build\candidate\temp2\eZ80\src\rtl\common\ior.asm (Library: crtD.lib) Version: 1:0 07/11/2003 10:37:29

    Name                                        Base        Top      Size
    --------------------------------------- ----------- ----------- ---------
    Segment: CODE                              C:00188E    C:0018BA       2dh


Module: C:\ZilogSW\Build\candidate\temp2\eZ80\src\rtl\common\ishrs.asm (Library: crtD.lib) Version: 1:0 07/11/2003 10:37:29

    Name                                        Base        Top      Size
    --------------------------------------- ----------- ----------- ---------
    Segment: CODE                              C:001317    C:001348       32h


Module: C:\ZilogSW\Build\candidate\temp2\eZ80\src\rtl\common\itol.asm (Library: crtD.lib) Version: 1:0 07/11/2003 10:37:29

    Name                                        Base        Top      Size
    --------------------------------------- ----------- ----------- ---------
    Segment: CODE                              C:0008D8    C:0008EB       14h


Module: C:\ZilogSW\Build\candidate\temp2\eZ80\src\rtl\common\land.asm (Library: crtD.lib) Version: 1:0 07/11/2003 10:37:30

    Name                                        Base        Top      Size
    --------------------------------------- ----------- ----------- ---------
    Segment: CODE                              C:0011C2    C:0011F1       30h


Module: C:\ZilogSW\Build\candidate\temp2\eZ80\src\rtl\common\lcmps.asm (Library: crtD.lib) Version: 1:0 07/11/2003 10:37:30

    Name                                        Base        Top      Size
    --------------------------------------- ----------- ----------- ---------
    Segment: CODE                              C:001FFD    C:002023       27h


Module: C:\ZilogSW\Build\candidate\temp2\eZ80\src\rtl\common\lcmpu.asm (Library: crtD.lib) Version: 1:0 07/11/2003 10:37:30

    Name                                        Base        Top      Size
    --------------------------------------- ----------- ----------- ---------
    Segment: CODE                              C:001B54    C:001B58        5h


Module: C:\ZilogSW\Build\candidate\temp2\eZ80\src\rtl\common\ldivs.asm (Library: crtD.lib) Version: 1:0 07/11/2003 10:37:30

    Name                                        Base        Top      Size
    --------------------------------------- ----------- ----------- ---------
    Segment: CODE                              C:0012A0    C:001316       77h


Module: C:\ZilogSW\Build\candidate\temp2\eZ80\src\rtl\common\ldivu.asm (Library: crtD.lib) Version: 1:0 07/11/2003 10:37:30

    Name                                        Base        Top      Size
    --------------------------------------- ----------- ----------- ---------
    Segment: CODE                              C:001368    C:0013DE       77h


Module: C:\ZilogSW\Build\candidate\temp2\eZ80\src\rtl\common\lmuls.asm (Library: crtD.lib) Version: 1:0 07/11/2003 10:37:30

    Name                                        Base        Top      Size
    --------------------------------------- ----------- ----------- ---------
    Segment: CODE                              C:001142    C:0011C1       80h


Module: C:\ZilogSW\Build\candidate\temp2\eZ80\src\rtl\common\lmulu.asm (Library: crtD.lib) Version: 1:0 07/11/2003 10:37:30

    Name                                        Base        Top      Size
    --------------------------------------- ----------- ----------- ---------
    Segment: CODE                              C:0011F2    C:00129F       aeh


Module: C:\ZilogSW\Build\candidate\temp2\eZ80\src\rtl\common\lneg.asm (Library: crtD.lib) Version: 1:0 07/11/2003 10:37:30

    Name                                        Base        Top      Size
    --------------------------------------- ----------- ----------- ---------
    Segment: CODE                              C:001911    C:001920       10h


Module: C:\ZilogSW\Build\candidate\temp2\eZ80\src\rtl\common\lrems.asm (Library: crtD.lib) Version: 1:0 07/11/2003 10:37:30

    Name                                        Base        Top      Size
    --------------------------------------- ----------- ----------- ---------
    Segment: CODE                              C:001F82    C:001FFC       7bh


Module: C:\ZilogSW\Build\candidate\temp2\eZ80\src\rtl\common\lremu.asm (Library: crtD.lib) Version: 1:0 07/11/2003 10:37:30

    Name                                        Base        Top      Size
    --------------------------------------- ----------- ----------- ---------
    Segment: CODE                              C:001B59    C:001BCD       75h


Module: C:\ZilogSW\Build\candidate\temp2\eZ80\src\rtl\common\stoiu.asm (Library: crtD.lib) Version: 1:0 07/11/2003 10:37:32

    Name                                        Base        Top      Size
    --------------------------------------- ----------- ----------- ---------
    Segment: CODE                              C:001886    C:00188D        8h


Module: COMMON\ABS.C (Library: crtD.lib) Version: 1:0 07/11/2003 10:37:28

    Name                                        Base        Top      Size
    --------------------------------------- ----------- ----------- ---------
    Segment: CODE                              C:0018BB    C:0018E4       2ah


Module: common\cstartup.asm (File: cstartup.obj) Version: 1:0 07/11/2003 10:37:08

    Name                                        Base        Top      Size
    --------------------------------------- ----------- ----------- ---------
    Segment: .STARTUP                          C:00010B    C:000189       7fh
    Segment: DATA                              D:FFE402    D:FFE402        1h


Module: common\fpdumy.asm (File: fpdumy.obj) Version: 1:0 07/11/2003 10:37:08

    Name                                        Base        Top      Size
    --------------------------------------- ----------- ----------- ---------
    Segment: CODE                              C:0008AB    C:0008AB        1h


Module: COMMON\GETCHAR.C (Library: crtD.lib) Version: 1:0 07/11/2003 10:37:28

    Name                                        Base        Top      Size
    --------------------------------------- ----------- ----------- ---------
    Segment: CODE                              C:00105B    C:001071       17h


Module: COMMON\PRINTF.C (Library: crtD.lib) Version: 1:0 07/11/2003 10:37:31

    Name                                        Base        Top      Size
    --------------------------------------- ----------- ----------- ---------
    Segment: CODE                              C:0008AC    C:0008D7       2ch


Module: COMMON\ULTOA.C (Library: crtD.lib) Version: 1:0 07/11/2003 10:37:33

    Name                                        Base        Top      Size
    --------------------------------------- ----------- ----------- ---------
    Segment: CODE                              C:001BCE    C:001EE0      313h


Module: COMMON\UPRINT.C (Library: crtD.lib) Version: 1:0 07/11/2003 10:37:34

    Name                                        Base        Top      Size
    --------------------------------------- ----------- ----------- ---------
    Segment: BSS                               D:FFE7E5    D:FFE7FD       19h
    Segment: CODE                              C:000919    C:001028      710h
    Segment: DATA                              D:FFE78B    D:FFE78E        4h


Module: COMMON\UPSCAN.C (Library: crtD.lib) Version: 1:0 07/11/2003 10:37:34

    Name                                        Base        Top      Size
    --------------------------------------- ----------- ----------- ---------
    Segment: CODE                              C:0013DF    C:001885      4a7h
    Segment: DATA                              D:FFE78F    D:FFE7D6       48h


Module: COMMON\UREVERSE.C (Library: crtD.lib) Version: 1:0 07/11/2003 10:37:34

    Name                                        Base        Top      Size
    --------------------------------------- ----------- ----------- ---------
    Segment: CODE                              C:001EEE    C:001F81       94h


Module: COMMON\UULTOA.C (Library: crtD.lib) Version: 1:0 07/11/2003 10:37:35

    Name                                        Base        Top      Size
    --------------------------------------- ----------- ----------- ---------
    Segment: CODE                              C:001921    C:001B53      233h


Module: common\vectors24.asm (File: vectors24.obj) Version: 1:0 07/11/2003 10:37:08

    Name                                        Base        Top      Size
    --------------------------------------- ----------- ----------- ---------
    Segment: .IVECTS                           D:FFE000    D:FFE3FF      400h
    Segment: .RESET                            C:000000    C:00006D       6eh
    Segment: CODE                              C:00018A    C:0001D1       48h
    Segment: DATA                              D:FFE400    D:FFE401        2h


Module: eZ80F91\init_params_f91.asm (File: init_params_f91.obj) Version: 1:0 07/11/2003 10:37:08

    Name                                        Base        Top      Size
    --------------------------------------- ----------- ----------- ---------
    Segment: .STARTUP                          C:00006E    C:00010A       9dh

EXTERNAL DEFINITIONS:
=====================

Symbol                             Address   Module          Segment
-------------------------------- ----------- --------------- --------------------------------
__c_startup                         C:00010B cstartup        .STARTUP                        
__case                              C:0018E5 case            CODE                            
__copy_code_to_ram                  00000000 (User Defined)
__crtl                              00000001 (User Defined)
__CS0_CTL_INIT_PARAM                00000000 (User Defined)
__CS0_LBR_INIT_PARAM                00000000 (User Defined)
__CS0_UBR_INIT_PARAM                00000000 (User Defined)
__CS1_CTL_INIT_PARAM                00000028 (User Defined)
__CS1_LBR_INIT_PARAM                00000000 (User Defined)
__CS1_UBR_INIT_PARAM                00000007 (User Defined)
__CS2_CTL_INIT_PARAM                00000000 (User Defined)
__CS2_LBR_INIT_PARAM                00000000 (User Defined)
__CS2_UBR_INIT_PARAM                00000000 (User Defined)
__CS3_CTL_INIT_PARAM                00000000 (User Defined)
__CS3_LBR_INIT_PARAM                00000000 (User Defined)
__CS3_UBR_INIT_PARAM                00000000 (User Defined)
__cstartup                          D:000001 cstartup        DATA                            
__default_mi_handler                C:00018C vectors24       CODE                            
__default_nmi_handler               C:00018A vectors24       CODE                            
__fcmp                              C:0008AB fpdumy          CODE                            
__fdiv                              C:0008AB fpdumy          CODE                            
__FLASH_ADDR_U_INIT_PARAM           00000000 (User Defined)
__FLASH_CTL_INIT_PARAM              00000080 (User Defined)
__fmul                              C:0008AB fpdumy          CODE                            
__fneg                              C:0008AB fpdumy          CODE                            
__fpftol                            C:0008AB fpdumy          CODE                            
__fpltof                            C:0008AB fpdumy          CODE                            
__fpultof                           C:0008AB fpdumy          CODE                            
__fsub                              C:0008AB fpdumy          CODE                            
__heapbot                           00FFE7FD (User Defined)
__heaptop                           00FFFFFD (User Defined)
__iand                              C:0008EC iand            CODE                            
__imuls                             C:001072 imuls           CODE                            
__ineg                              C:001EE1 ineg            CODE                            
__init                              C:00006E init_params_f91 .STARTUP                        
__init_default_vectors              C:00018F vectors24       CODE                            
__ior                               C:00188E ior             CODE                            
__ishrs                             C:001317 ishrs           CODE                            
__itol                              C:0008D8 itol            CODE                            
__land                              C:0011C2 land            CODE                            
__lcmps                             C:001FFD lcmps           CODE                            
__lcmpu                             C:001B54 lcmpu           CODE                            
__ldivs                             C:0012A0 ldivs           CODE                            
__ldivu                             C:001368 ldivu           CODE                            
__len_bss                           00000027 (User Defined)
__len_code                          00001E9A (User Defined)
__len_data                          000003D7 (User Defined)
__lmuls                             C:001142 lmuls           CODE                            
__lmulu                             C:0011F2 lmulu           CODE                            
__lneg                              C:001911 lneg            CODE                            
__low_bss                           00FFE7D7 (User Defined)
__low_code                          0000018A (User Defined)
__low_data                          00FFE400 (User Defined)
__low_romcode                       00000000 (User Defined)
__low_romdata                       000020AB (User Defined)
__lrems                             C:001F82 lrems           CODE                            
__lremu                             C:001B59 lremu           CODE                            
__nvectors                          D:FFE400 vectors24       DATA                            
__RAM_ADDR_U_INIT_PARAM             000000FF (User Defined)
__RAM_CTL_INIT_PARAM                00000080 (User Defined)
__set_vector                        C:0001AF vectors24       CODE                            
__stack                             00FFFFFD (User Defined)
__stoiu                             C:001886 stoiu           CODE                            
__u_dtoe                            C:0008AB fpdumy          CODE                            
__u_dtof                            C:0008AB fpdumy          CODE                            
__u_dtog                            C:0008AB fpdumy          CODE                            
__u_flt_info                        C:0008AB fpdumy          CODE                            
__u_flt_rnd                         C:0008AB fpdumy          CODE                            
__u_ltoa                            C:001BCE ULTOA           CODE                            
__u_print                           C:000AF9 UPRINT          CODE                            
__u_pscan                           C:0013DF UPSCAN          CODE                            
__u_reverse                         C:001EEE UREVERSE        CODE                            
__u_ultoa                           C:001921 UULTOA          CODE                            
__vector_table                      D:FFE000 vectors24       .IVECTS                         
_abs                                C:0018BB ABS             CODE                            
_acos                               C:0008AB fpdumy          CODE                            
_asin                               C:0008AB fpdumy          CODE                            
_atan                               C:0008AB fpdumy          CODE                            
_atan2                              C:0008AB fpdumy          CODE                            
_buttons_init                       C:000248 BUTTONS         CODE                            
_ceil                               C:0008AB fpdumy          CODE                            
_char_rcvd                          D:FFE7D8 CONSOLE         BSS                             
_char_ready                         D:FFE7D7 CONSOLE         BSS                             
_console_init                       C:000310 CONSOLE         CODE                            
_cosh                               C:0008AB fpdumy          CODE                            
_device_name                        D:FFE783 MAIN            DATA                            
_errno                              D:FFE402 cstartup        DATA                            
_exp                                C:0008AB fpdumy          CODE                            
_fabs                               C:0008AB fpdumy          CODE                            
_floor                              C:0008AB fpdumy          CODE                            
_fmod                               C:0008AB fpdumy          CODE                            
_getch                              C:000432 CONSOLE         CODE                            
_getchar                            C:00105B GETCHAR         CODE                            
_getche                             C:000448 CONSOLE         CODE                            
_init_default_vectors               C:00018F vectors24       CODE                            
_kbhit                              C:0003B2 CONSOLE         CODE                            
_ldexp                              C:0008AB fpdumy          CODE                            
_ledmatrix_clear                    C:00049C LEDMATRIX       CODE                            
_ledmatrix_fill                     C:0004B3 LEDMATRIX       CODE                            
_ledmatrix_flash                    C:0005EE LEDMATRIX       CODE                            
_ledmatrix_init                     C:00046D LEDMATRIX       CODE                            
_ledmatrix_putc                     C:0004CA LEDMATRIX       CODE                            
_ledmatrix_puts                     C:00050A LEDMATRIX       CODE                            
_ledmatrix_spin                     C:00056F LEDMATRIX       CODE                            
_ledmatrix_test                     C:000639 LEDMATRIX       CODE                            
_ledtimer_init                      C:0006F1 LEDTIMER        CODE                            
_log                                C:0008AB fpdumy          CODE                            
_log10                              C:0008AB fpdumy          CODE                            
_main                               C:0007C8 MAIN            CODE                            
_matrix_char_map                    D:FFE403 LEDMATRIX       DATA                            
_p_user_input                       D:FFE7DC LEDMATRIX       BSS                             
_pb0_isr                            C:0001D2 BUTTONS         CODE                            
_pb1_isr                            C:0001F8 BUTTONS         CODE                            
_pb2_isr                            C:000220 BUTTONS         CODE                            
_pcolumn                            D:FFE7D9 LEDMATRIX       BSS                             
_pow                                C:0008AB fpdumy          CODE                            
_printf                             C:0008AC PRINTF          CODE                            
_putch                              C:0003D1 CONSOLE         CODE                            
_reset                              C:000000 vectors24       .RESET                          
_set_vector                         C:0001AF vectors24       CODE                            
_sinh                               C:0008AB fpdumy          CODE                            
_sqrt                               C:0008AB fpdumy          CODE                            
_strcat                             C:001029 strcat          CODE                            
_strlen                             C:001349 strlen          CODE                            
_tan                                C:0008AB fpdumy          CODE                            
_tanh                               C:0008AB fpdumy          CODE                            
_timer                              D:FFE7E0 LEDTIMER        BSS                             
_tmr2_isr                           C:00067D LEDTIMER        CODE                            
_uart0_isr                          C:0002CD CONSOLE         CODE                            
_user_input                         D:FFE7DF LEDMATRIX       BSS                             
_version                            C:002024 MAIN            TEXT                            
_wait                               C:000773 LEDTIMER        CODE                            

132 external symbol(s).


END OF LINK MAP:
================
0 Errors
0 Warnings
