******************************************************************************
              TMS320C55x Linker PC v4.3.6                      
******************************************************************************
>> Linked Sat Feb 25 01:04:36 2012

OUTPUT FILE NAME:   <aic3204.out>
ENTRY POINT SYMBOL: "_c_int00"  address: 00024fcf


MEMORY CONFIGURATION

         name            origin    length      used     unused   attr    fill
                        (bytes)   (bytes)    (bytes)   (bytes)
----------------------  --------  ---------  --------  --------  ----  --------
PAGE 0:
  MMR                   00000000   000000c0  00000000  000000c0  RWIX
  DARAM0                000000c0   0000ff40  000059d8  0000a568  RWIX
  SARAM0                00010000   00010000  00000000  00010000  RWIX
  SARAM1                00020000   00020000  000050f3  0001af0d  RWIX
  SARAM2                00040000   0000fe00  0000037a  0000fa86  RWIX
  VECS                  0004fe00   00000200  00000100  00000100  RWIX
  PDROM                 00ff8000   00008000  00000000  00008000  R IX

PAGE 2:
  IOPORT                00000000   00020000  00000000  00020000  RWI 


SECTION ALLOCATION MAP
(Addresses surrounded by []'s are displayed for convenience only!)

output                                                          attributes/
section   page  orgn(bytes) orgn(words) len(bytes) len(words)   input sections
--------  ----  ----------- ----------- ---------- ----------   --------------
.pinit       0   [ 00040000 ]  00020000          *   00000000   UNINITIALIZED

.stack       0   [ 000000c0 ]  00000060          *   00001000   UNINITIALIZED
                 [ 000000c0 ]  00000060          *   00001000   --HOLE--

.data        0   [ 000000c0 ]  00000060          *   00000000   UNINITIALIZED

.sysstack 
*            0   [ 000020c0 ]  00001060          *   00000800   UNINITIALIZED
                 [ 000020c0 ]  00001060          *   00000800   --HOLE--

.sysmem      0   [ 000030c0 ]  00001860          *   00001000   UNINITIALIZED
                 [ 000030c0 ]  00001860          *   00001000   --HOLE--

.bss         0   [ 000050c0 ]  00002860          *   0000028d   UNINITIALIZED
                 [ 000050c0 ]  00002860          *   00000119   rts55x_eh.lib : defs.obj (.bss)
                 [ 000052f2 ]  00002979          *   000000d0                 : trgdrv.obj (.bss)
                 [ 00005492 ]  00002a49          *   00000001                 : fopen.obj (.bss)
                 [ 00005494 ]  00002a4a          *   00000071                 : lowlev.obj (.bss)
                 [ 00005576 ]  00002abb          *   00000020   audioBlocks.obj (.bss)
                 [ 000055b6 ]  00002adb          *   00000001   usbstk5515bsl.lib : usbstk5515_i2c.obj (.bss)
                 [ 000055b8 ]  00002adc          *   00000006   rts55x_eh.lib : memory.obj (.bss)
                 [ 000055c4 ]  00002ae2          *   00000004                 : _lock.obj (.bss)
                 [ 000055cc ]  00002ae6          *   00000004                 : exit.obj (.bss)
                 [ 000055d4 ]  00002aea          *   00000003   sar.obj (.bss)

.const.1     0   [ 000055dc ]  00002aee          *   00000101   
                 [ 000055dc ]  00002aee          *   00000101   rts55x_eh.lib : ctype.obj (.const:__ctypes_)

.const.2     0   [ 000057e0 ]  00002bf0          *   0000007b   
                 [ 000057e0 ]  00002bf0          *   0000007b   main.obj (.const:.string)

.const.3     0   [ 000058d8 ]  00002c6c          *   000000a5   
                 [ 000058d8 ]  00002c6c          *   0000003c   audioUtils.obj (.const:.string)
                 [ 00005950 ]  00002ca8          *   00000039   aic3204_test.obj (.const:.string)
                 [ 000059c2 ]  00002ce1          *   00000030   aic3204_tone_headphone.obj (.const:_$P$T0$1)

.const.4     0   [ 00005a24 ]  00002d12          *   0000003e   
                 [ 00005a24 ]  00002d12          *   00000024   rts55x_eh.lib : _printfi.obj (.const:.string)
                 [ 00005a6c ]  00002d36          *   0000000c                 : _printfi.obj (.const)
                 [ 00005a84 ]  00002d42          *   00000008                 : divd.obj (.const:_initial_approx$1)
                 [ 00005a94 ]  00002d4a          *   00000002                 : fputs.obj (.const:.string)
                 [ 00005a98 ]  00002d4c          *   00000002                 : divd.obj (.const)
                 [ 00005a9c ]  00002d4e          *   00000002                 : fltlid.obj (.const)

.text        0     00020000  [ 00010000 ] 000050f3          *   
                   00020000  [ 00010000 ] 00001598          *   rts55x_eh.lib : _printfi.obj (.text)
                   00021598  [ 00010acc ] 00000543          *                 : lowlev.obj (.text)
                   00021adb  [ 00010d6d+] 00000528          *                 : trgdrv.obj (.text)
                   00022003  [ 00011001+] 000004b5          *                 : memory.obj (.text)
                   000224b8  [ 0001125c ] 0000036c          *                 : divd.obj (.text)
                   00022824  [ 00011412 ] 00000354          *   aic3204_loop_stereo_in1.obj (.text)
                   00022b78  [ 000115bc ] 0000027f          *   rts55x_eh.lib : fopen.obj (.text)
                   00022df7  [ 000116fb+] 0000025e          *                 : llmpy.obj (.text)
                   00023055  [ 0001182a+] 0000025a          *   aic3204_tone_headphone.obj (.text)
                   000232af  [ 00011957+] 00000259          *   rts55x_eh.lib : addd.obj (.text)
                   00023508  [ 00011a84 ] 000001ea          *                 : cmpd.obj (.text)
                   000236f2  [ 00011b79 ] 000001c9          *   usbstk5515bsl.lib : usbstk5515_led.obj (.text)
                   000238bb  [ 00011c5d+] 00000192          *   sar.obj (.text)
                   00023a4d  [ 00011d26+] 00000183          *   audioUtils.obj (.text)
                   00023bd0  [ 00011de8 ] 00000163          *   rts55x_eh.lib : fputs.obj (.text)
                   00023d33  [ 00011e99+] 00000156          *   usbstk5515bsl.lib : usbstk5515_gpio.obj (.text)
                   00023e89  [ 00011f44+] 0000014c          *   rts55x_eh.lib : mpyd.obj (.text)
                   00023fd5  [ 00011fea+] 0000013e          *   usbstk5515bsl.lib : usbstk5515_i2c.obj (.text)
                   00024113  [ 00012089+] 00000137          *   audioCore.obj (.text)
                   0002424a  [ 00012125 ] 000000e6          *   rts55x_eh.lib : setvbuf.obj (.text)
                   00024330  [ 00012198 ] 000000dd          *                 : _io_perm.obj (.text)
                   0002440d  [ 00012206+] 000000c8          *                 : frcmpyd_div.obj (.text)
                   000244d5  [ 0001226a+] 000000c2          *                 : fflush.obj (.text)
                   00024597  [ 000122cb+] 000000ba          *                 : trgmsg.obj (.text:CIO_breakpoint)
                   00024651  [ 00012328+] 000000a6          *                 : fputc.obj (.text)
                   000246f7  [ 0001237b+] 000000a3          *   audioBlocks.obj (.text)
                   0002479a  [ 000123cd ] 000000a1          *   rts55x_eh.lib : divul.obj (.text)
                   0002483b  [ 0001241d+] 00000096          *   aic3204_test.obj (.text)
                   000248d1  [ 00012468+] 0000008c          *   main.obj (.text)
                   0002495d  [ 000124ae+] 0000007d          *   rts55x_eh.lib : ltoa.obj (.text)
                   000249da  [ 000124ed ] 0000007b          *                 : fclose.obj (.text)
                   00024a55  [ 0001252a+] 00000076          *                 : frcmpyd.obj (.text)
                   00024acb  [ 00012565+] 00000072          *                 : remul.obj (.text)
                   00024b3d  [ 0001259e+] 0000006f          *                 : fixdli.obj (.text)
                   00024bac  [ 000125d6 ] 0000006d          *                 : trgmsg.obj (.text)
                   00024c19  [ 0001260c+] 0000006b          *                 : fseek.obj (.text)
                   00024c84  [ 00012642 ] 00000067          *                 : fltlid.obj (.text)
                   00024ceb  [ 00012675+] 0000005c          *                 : atoi.obj (.text)
                   00024d47  [ 000126a3+] 00000054          *   usbstk5515bsl.lib : usbstk5515.obj (.text)
                   00024d9b  [ 000126cd+] 00000050          *   rts55x_eh.lib : printf.obj (.text)
                   00024deb  [ 000126f5+] 0000004d          *                 : autoinit.obj (.text)
                   00024e38  [ 0001271c ] 0000004b          *                 : args_main.obj (.text)
                   00024e83  [ 00012741+] 0000004b          *                 : remli.obj (.text)
                   00024ece  [ 00012767 ] 00000048          *                 : divli.obj (.text)
                   00024f16  [ 0001278b ] 0000003f          *                 : memcpy.obj (.text)
                   00024f55  [ 000127aa+] 0000003e          *                 : exit.obj (.text)
                   00024f93  [ 000127c9+] 0000003c          *                 : idiv.obj (.text)
                   00024fcf  [ 000127e7+] 00000034          *                 : boot.obj (.text)
                   00025003  [ 00012801+] 0000002a          *                 : fixdi.obj (.text)
                   0002502d  [ 00012816+] 0000002a          *                 : udiv.obj (.text)
                   00025057  [ 0001282b+] 00000023          *                 : memccpy.obj (.text)
                   0002507a  [ 0001283d ] 0000001c          *                 : isinf.obj (.text)
                   00025096  [ 0001284b ] 00000014          *                 : subd.obj (.text)
                   000250aa  [ 00012855 ] 00000013          *                 : lmpy.obj (.text)
                   000250bd  [ 0001285e+] 00000012          *                 : _lock.obj (.text)
                   000250cf  [ 00012867+] 00000010          *                 : negd.obj (.text)
                   000250df  [ 0001286f+] 0000000a          *                 : remove.obj (.text)
                   000250e9  [ 00012874+] 00000007          *                 : exit.obj (.text:CIO_breakpoint)
                   000250f0  [ 00012878 ] 00000002          *                 : vectors.obj (.text)
                   000250f2  [ 00012879 ] 00000001          *   --HOLE-- [fill = 20]

.cio         0   [ 00040000 ]  00020000          *   00000120   UNINITIALIZED
                 [ 00040000 ]  00020000          *   00000120   rts55x_eh.lib : trgmsg.obj (.cio)

.cinit       0   [ 00040240 ]  00020120          *   0000009d   
                 [ 00040240 ]  00020120          *   0000002d   rts55x_eh.lib : lowlev.obj (.cinit)
                 [ 0004029a ]  0002014d          *   0000002a                 : defs.obj (.cinit)
                 [ 000402ee ]  00020177          *   00000019   audioBlocks.obj (.cinit)
                 [ 00040320 ]  00020190          *   0000000c   sar.obj (.cinit)
                 [ 00040338 ]  0002019c          *   0000000a   rts55x_eh.lib : _lock.obj (.cinit)
                 [ 0004034c ]  000201a6          *   0000000a                 : exit.obj (.cinit)
                 [ 00040360 ]  000201b0          *   00000004                 : fopen.obj (.cinit)
                 [ 00040368 ]  000201b4          *   00000004                 : memory.obj (.cinit)
                 [ 00040370 ]  000201b8          *   00000004   usbstk5515bsl.lib : usbstk5515_i2c.obj (.cinit)
                 [ 00040378 ]  000201bc          *   00000001   --HOLE-- [fill = 0]

vectors      0     0004fe00  [ 00027f00 ] 00000100          *   
                   0004fe00  [ 00027f00 ] 00000100          *   rts55x_eh.lib : vectors.obj (vectors)


GLOBAL SYMBOLS: SORTED ALPHABETICALLY BY Name 

abs. value/
byte addr   word addr   name
---------   ---------   ----
00000002                $TI_capability$C5500$CallingConvention
00000002                $TI_capability$C5500$MemoryModel
00000001                $TI_capability_requires_rev3
ffffffff                .bss
ffffffff                .data
ffffffff                .text
000250ea                C$$EXIT
0002464c                C$$IO$$
00024f93                I$$DIV
000250aa                I$$LMPY
00024fb2                I$$MOD
0002502d                I$$UDIV
00025042                I$$UMOD
0002483b                _AIC3204_rget
00024886                _AIC3204_rset
000241b7                _AudioDecrVolume
000241dc                _AudioGetEnableBypass
000241f2                _AudioGetEnableFIR
00024160                _AudioGetMute
0002419a                _AudioGetVolume
000241a1                _AudioIncrVolume
00024113                _AudioInit
000241f9                _AudioProcessSample
000241cd                _AudioSetEnableBypass
000241e3                _AudioSetEnableFIR
00024151                _AudioSetMute
00024167                _AudioSetVolume
00023944                _Get_Sar_Key
00021fa5                _HOSTclock
00021f3a                _HOSTclose
00021e85                _HOSTlseek
00021de6                _HOSTopen
00021d59                _HOSTread
00021cab                _HOSTrename
00021c4d                _HOSTtime
00021be3                _HOSTunlink
00021b56                _HOSTwrite
000238bb                _Init_SAR
000238d3                _Read_GPAIN1
0004fe00                _Reset
000248d1                _TEST_execute
00023e31                _USBSTK5515_GPIO_getInput
00023d33                _USBSTK5515_GPIO_init
00023d37                _USBSTK5515_GPIO_setDirection
00023db4                _USBSTK5515_GPIO_setOutput
00023ff4                _USBSTK5515_I2C_close
00023fd5                _USBSTK5515_I2C_init
0002409a                _USBSTK5515_I2C_read
00023ffd                _USBSTK5515_I2C_reset
0002400b                _USBSTK5515_I2C_write
000236f2                _USBSTK5515_LED_init
0002370e                _USBSTK5515_LED_off
000236fd                _USBSTK5515_LED_on
0002374e                _USBSTK5515_ULED_getall
0002371f                _USBSTK5515_ULED_init
00023843                _USBSTK5515_ULED_off
0002380e                _USBSTK5515_ULED_on
000237a0                _USBSTK5515_ULED_setall
00023876                _USBSTK5515_ULED_toggle
00024d8d                _USBSTK5515_init
00024d47                _USBSTK5515_wait
00024d7b                _USBSTK5515_waitusec
            00020000    __CIOBUF_
            00001060    __STACK_END
00002000                __STACK_SIZE
00002000                __SYSMEM_SIZE
00001000                __SYSSTACK_SIZE
ffffffff                ___binit__
ffffffff                ___bss__
ffffffff                ___c_args__
            00020120    ___cinit__
ffffffff                ___data__
ffffffff                ___edata__
ffffffff                ___end__
ffffffff                ___etext__
0002507a                ___isinf
ffffffff                ___pinit__
ffffffff                ___text__
000232af                __addd
00024e38                __args_main
00022c99                __cleanup
            00002ae6    __cleanup_ptr
0002369a                __cmpd
            00002aee    __ctypes_
000224da                __divd
00024f93                __divi
00024ece                __divli
00023020                __divlli
0002502d                __divu
0002479a                __divul
00022f2c                __divull
000244d5                __doflush
            00002ae8    __dtors_ptr
00023666                __eqld
00025003                __fixdi
00024b3d                __fixdli
00024c84                __fltlid
00024a55                __frcmpyd
0002440d                __frcmpyd_div
            00002978    __ft_end
            00002860    __ftable
0002361c                __geqd
000235d1                __gtrd
00023584                __leqd
            00002ae2    __lock
0002353c                __lssd
00023e89                __mpyd
000250aa                __mpyli
00022e74                __mpylli
000250cf                __negd
00023508                __neqd
000250cd                __nop
00021356                __printfi
000243b0                __rd_ok
000250c5                __register_lock
000250bd                __register_unlock
00024fb2                __remi
00024e83                __remli
00022e45                __remlli
00025042                __remu
00024acb                __remul
00022df7                __remull
            00000060    __stack
00025096                __subd
            00001860    __sys_memory
            00001060    __sysstack
            000028d8    __tmpnams
            00002ae4    __unlock
00024330                __wrt_ok
000250e9                _abort
000219eb                _add_device
00022824                _aic3204_loop_stereo_in1
000248a8                _aic3204_test
00023055                _aic3204_tone_headphone
00024ceb                _atoi
            00002abb    _audioModel
00024deb                _auto_init
000246f7                _blockMute
0002472a                _blockSimpleFIR
0002470b                _blockVolume
00024fcf                _c_int00
00022492                _calloc
0002248a                _chkheap
00021978                _close
00023b19                _convertLongToSample
00023afa                _convertSampleToLong
00023a80                _copyLongSample
00023a4d                _copySample
00024f55                _exit
000249da                _fclose
0002453e                _fflush
0002196f                _find_registered_device
00022dbc                _fopen
00024651                _fputc
00023bd0                _fputs
00022003                _free
00022434                _free_memory
00022cf3                _freopen
00024c19                _fseek
00021adb                _getenv
            00002adb    _i2c_timeout
            00002aeb    _keyCnt1
            00002aec    _keyCnt2
00021909                _lseek
0002495d                _ltoa
00024922                _main
00022134                _malloc
000223da                _max_free
00025057                _memccpy
00024f16                _memcpy
000220cf                _minit
0002184a                _open
            00002aea    _preKey
00023b44                _printLongSample
00023b68                _printSample
00024d9b                _printf
00024651                _putc
000246e8                _putchar
00023d05                _puts
0002179c                _read
00024bac                _readmsg
00022229                _realloc
000250df                _remove
00021766                _remove_device
0002170d                _rename
00023ab4                _scaleLongSample
00023ba3                _setSample
0002424a                _setvbuf
00022b45                _toggleBypass
00022b12                _toggleFIR
00022adf                _toggleMute
000216da                _unlink
00021598                _write
00024597                _writemsg
00023a9f                _zeroLongSample
ffffffff                binit
            00020120    cinit
ffffffff                edata
ffffffff                end
ffffffff                etext
ffffffff                pinit


GLOBAL SYMBOLS: SORTED BY Symbol Address 

abs. value/
byte addr   word addr   name
---------   ---------   ----
00000001                $TI_capability_requires_rev3
00000002                $TI_capability$C5500$CallingConvention
00000002                $TI_capability$C5500$MemoryModel
            00000060    __stack
00001000                __SYSSTACK_SIZE
00002000                __STACK_SIZE
00002000                __SYSMEM_SIZE
            00001060    __STACK_END
            00001060    __sysstack
            00001860    __sys_memory
            00002860    __ftable
            000028d8    __tmpnams
            00002978    __ft_end
            00002abb    _audioModel
            00002adb    _i2c_timeout
            00002ae2    __lock
            00002ae4    __unlock
            00002ae6    __cleanup_ptr
            00002ae8    __dtors_ptr
            00002aea    _preKey
            00002aeb    _keyCnt1
            00002aec    _keyCnt2
            00002aee    __ctypes_
00021356                __printfi
00021598                _write
000216da                _unlink
0002170d                _rename
00021766                _remove_device
0002179c                _read
0002184a                _open
00021909                _lseek
0002196f                _find_registered_device
00021978                _close
000219eb                _add_device
00021adb                _getenv
00021b56                _HOSTwrite
00021be3                _HOSTunlink
00021c4d                _HOSTtime
00021cab                _HOSTrename
00021d59                _HOSTread
00021de6                _HOSTopen
00021e85                _HOSTlseek
00021f3a                _HOSTclose
00021fa5                _HOSTclock
00022003                _free
000220cf                _minit
00022134                _malloc
00022229                _realloc
000223da                _max_free
00022434                _free_memory
0002248a                _chkheap
00022492                _calloc
000224da                __divd
00022824                _aic3204_loop_stereo_in1
00022adf                _toggleMute
00022b12                _toggleFIR
00022b45                _toggleBypass
00022c99                __cleanup
00022cf3                _freopen
00022dbc                _fopen
00022df7                __remull
00022e45                __remlli
00022e74                __mpylli
00022f2c                __divull
00023020                __divlli
00023055                _aic3204_tone_headphone
000232af                __addd
00023508                __neqd
0002353c                __lssd
00023584                __leqd
000235d1                __gtrd
0002361c                __geqd
00023666                __eqld
0002369a                __cmpd
000236f2                _USBSTK5515_LED_init
000236fd                _USBSTK5515_LED_on
0002370e                _USBSTK5515_LED_off
0002371f                _USBSTK5515_ULED_init
0002374e                _USBSTK5515_ULED_getall
000237a0                _USBSTK5515_ULED_setall
0002380e                _USBSTK5515_ULED_on
00023843                _USBSTK5515_ULED_off
00023876                _USBSTK5515_ULED_toggle
000238bb                _Init_SAR
000238d3                _Read_GPAIN1
00023944                _Get_Sar_Key
00023a4d                _copySample
00023a80                _copyLongSample
00023a9f                _zeroLongSample
00023ab4                _scaleLongSample
00023afa                _convertSampleToLong
00023b19                _convertLongToSample
00023b44                _printLongSample
00023b68                _printSample
00023ba3                _setSample
00023bd0                _fputs
00023d05                _puts
00023d33                _USBSTK5515_GPIO_init
00023d37                _USBSTK5515_GPIO_setDirection
00023db4                _USBSTK5515_GPIO_setOutput
00023e31                _USBSTK5515_GPIO_getInput
00023e89                __mpyd
00023fd5                _USBSTK5515_I2C_init
00023ff4                _USBSTK5515_I2C_close
00023ffd                _USBSTK5515_I2C_reset
0002400b                _USBSTK5515_I2C_write
0002409a                _USBSTK5515_I2C_read
00024113                _AudioInit
00024151                _AudioSetMute
00024160                _AudioGetMute
00024167                _AudioSetVolume
0002419a                _AudioGetVolume
000241a1                _AudioIncrVolume
000241b7                _AudioDecrVolume
000241cd                _AudioSetEnableBypass
000241dc                _AudioGetEnableBypass
000241e3                _AudioSetEnableFIR
000241f2                _AudioGetEnableFIR
000241f9                _AudioProcessSample
0002424a                _setvbuf
00024330                __wrt_ok
000243b0                __rd_ok
0002440d                __frcmpyd_div
000244d5                __doflush
0002453e                _fflush
00024597                _writemsg
0002464c                C$$IO$$
00024651                _fputc
00024651                _putc
000246e8                _putchar
000246f7                _blockMute
0002470b                _blockVolume
0002472a                _blockSimpleFIR
0002479a                __divul
0002483b                _AIC3204_rget
00024886                _AIC3204_rset
000248a8                _aic3204_test
000248d1                _TEST_execute
00024922                _main
0002495d                _ltoa
000249da                _fclose
00024a55                __frcmpyd
00024acb                __remul
00024b3d                __fixdli
00024bac                _readmsg
00024c19                _fseek
00024c84                __fltlid
00024ceb                _atoi
00024d47                _USBSTK5515_wait
00024d7b                _USBSTK5515_waitusec
00024d8d                _USBSTK5515_init
00024d9b                _printf
00024deb                _auto_init
00024e38                __args_main
00024e83                __remli
00024ece                __divli
00024f16                _memcpy
00024f55                _exit
00024f93                I$$DIV
00024f93                __divi
00024fb2                I$$MOD
00024fb2                __remi
00024fcf                _c_int00
00025003                __fixdi
0002502d                I$$UDIV
0002502d                __divu
00025042                I$$UMOD
00025042                __remu
00025057                _memccpy
0002507a                ___isinf
00025096                __subd
000250aa                I$$LMPY
000250aa                __mpyli
000250bd                __register_unlock
000250c5                __register_lock
000250cd                __nop
000250cf                __negd
000250df                _remove
000250e9                _abort
000250ea                C$$EXIT
            00020000    __CIOBUF_
            00020120    ___cinit__
            00020120    cinit
0004fe00                _Reset
ffffffff                .bss
ffffffff                .data
ffffffff                .text
ffffffff                ___binit__
ffffffff                ___bss__
ffffffff                ___c_args__
ffffffff                ___data__
ffffffff                ___edata__
ffffffff                ___end__
ffffffff                ___etext__
ffffffff                ___pinit__
ffffffff                ___text__
ffffffff                binit
ffffffff                edata
ffffffff                end
ffffffff                etext
ffffffff                pinit

[201 symbols]
