
IEEE 695 OMF Linker Version 3.10
Copyright (C) 1999-2001 ZiLOG, Inc. All Rights Reserved

LINK MAP:

DATE:      Wed Sep 19 19:40:23 2007
PROCESSOR: assembler
FILES:     C:\PROGRA~1\ZILOG\ZDSII_~1.0\lib\vectors24.obj
           C:\PROGRA~1\ZILOG\ZDSII_~1.0\lib\init_params_f91.obj
           C:\PROGRA~1\ZILOG\ZDSII_~1.0\lib\cstartup.obj
           .\Buttons.obj          .\Console.obj          .\demo.obj             
           .\LedMatrix.obj        .\LedTimer.obj         .\main.obj             
           .\mainloop.obj         .\mloop.obj            
           C:\PROGRA~1\ZILOG\ZDSII_~1.0\lib\crtD.lib
           C:\PROGRA~1\ZILOG\ZDSII_~1.0\lib\fpdumy.obj
           


COMMAND LIST:
=============
/* Link Control File - ez80f91_mainloop_demo Debug - RAM */

/* compiler options */
/* -alias -asm -const:ROM -debug -define:_EZ80F91 -NOexpmac */
/* -NOfplib -intsrc -intrinsic -keepasm -NOkeeplst -NOlist */
/* -NOlistinc -maxerrs:50 -NOmodsect -promote -quiet -strict */
/* -NOwatch -optsize -localopt -localcse -localfold -localcopy */
/* -peephole -globalopt -NOglobalcse -NOglobalfold -NOglobalcopy */
/* -NOloopopt -NOsdiopt -NOjmpopt -usrinc:"..\include" -cpu:EZ80F91 */
/* -bitfieldsize:24 -charsize:8 -doublesize:32 -floatsize:32 */
/* -intsize:24 -longsize:32 -shortsize:16 -asmsw:"-cpu:EZ80F91" */

/* assembler options */
/* -debug -genobj -NOigcase -list -NOlistmac -name -pagelen:56 */
/* -pagewidth:80 -quiet -warn -NOzmasm -sdiopt -cpu:EZ80F91 */

-FORMAT=OMF695
-NOigcase -map -NOquiet -warn -NOxref

RANGE ROM $000000 : $03FFFF
RANGE RAM $FFE000 : $FFFFFF
RANGE EXTIO $0 : $FFFF
RANGE INTIO $0 : $FF

CHANGE TEXT is ROM
CHANGE STRSECT is ROM

ORDER .RESET,.IVECTS,.STARTUP,CODE,DATA
COPY DATA ROM

DEFINE __low_romdata = copy base of DATA
DEFINE __low_data = base of DATA
DEFINE __len_data = length of DATA
DEFINE __low_bss = base of BSS
DEFINE __len_bss = length of BSS
DEFINE __stack = highaddr of RAM - 2
DEFINE __heaptop = highaddr of RAM - 2
DEFINE __heapbot = top of RAM
DEFINE __low_romcode = copy base of CODE
DEFINE __low_code = base of CODE
DEFINE __len_code = length of CODE
DEFINE __copy_code_to_ram = 0

DEFINE __crtl = 1
DEFINE __CS0_LBR_INIT_PARAM = $00
DEFINE __CS0_UBR_INIT_PARAM = $00
DEFINE __CS0_CTL_INIT_PARAM = $00
DEFINE __CS1_LBR_INIT_PARAM = $00
DEFINE __CS1_UBR_INIT_PARAM = $07
DEFINE __CS1_CTL_INIT_PARAM = $28
DEFINE __CS2_LBR_INIT_PARAM = $00
DEFINE __CS2_UBR_INIT_PARAM = $00
DEFINE __CS2_CTL_INIT_PARAM = $00
DEFINE __CS3_LBR_INIT_PARAM = $00
DEFINE __CS3_UBR_INIT_PARAM = $00
DEFINE __CS3_CTL_INIT_PARAM = $00
DEFINE __RAM_CTL_INIT_PARAM = $80
DEFINE __RAM_ADDR_U_INIT_PARAM = $FF
DEFINE __FLASH_CTL_INIT_PARAM = $80
DEFINE __FLASH_ADDR_U_INIT_PARAM = $00

"C:\MYDOCU~1\BRIAN\DEV\EZ80\EZ80F9~3\SRC\ez80f91_devboard_demo.lod"=  C:\PROGRA~1\ZILOG\ZDSII_~1.0\lib\vectors24.obj,  C:\PROGRA~1\ZILOG\ZDSII_~1.0\lib\init_params_f91.obj,  C:\PROGRA~1\ZILOG\ZDSII_~1.0\lib\cstartup.obj,  .\Buttons.obj,  .\Console.obj,  .\demo.obj,  .\LedMatrix.obj,  .\LedTimer.obj,  .\main.obj,  .\mainloop.obj,  .\mloop.obj,  C:\PROGRA~1\ZILOG\ZDSII_~1.0\lib\crtD.lib,  C:\PROGRA~1\ZILOG\ZDSII_~1.0\lib\fpdumy.obj


SPACE ALLOCATION:
=================

Space              Base        Top         Size
------------------ ----------- ----------- ---------
RAM                   D:FFE000    D:FFE895      896h
ROM                   C:000000    C:00469F     46a0h


SEGMENTS WITHIN SPACE:
======================

RAM                Type                Base        Top         Size
------------------ ------------------- ----------- ----------- ---------
.IVECTS            normal data            D:FFE000    D:FFE3FF      400h
BSS                normal data            D:FFE863    D:FFE895       33h
DATA               normal data            D:FFE400    D:FFE862      463h


ROM                Type                Base        Top         Size
------------------ ------------------- ----------- ----------- ---------
.RESET             normal data            C:000000    C:00006D       6eh
.STARTUP           normal data            C:00006E    C:000189      11ch
CODE               normal data            C:00018A    C:003D64     3bdbh
DATA               * segment copy *       C:00423D    C:00469F      463h
STRSECT            normal data            C:003D69    C:00423C      4d4h
TEXT               normal data            C:003D65    C:003D68        4h

SEGMENTS WITHIN MODULES:
========================

Module: .\BUTTONS.C (File: Buttons.obj) Version: 1:0 09/15/2007 23:56:07

    Name                                        Base        Top      Size
    --------------------------------------- ----------- ----------- ---------
    Segment: CODE                              C:0001D2    C:0002CC       fbh


Module: .\CONSOLE.C (File: Console.obj) Version: 1:0 09/15/2007 23:56:09

    Name                                        Base        Top      Size
    --------------------------------------- ----------- ----------- ---------
    Segment: BSS                               D:FFE863    D:FFE864        2h
    Segment: CODE                              C:0002CD    C:00046C      1a0h


Module: .\DEMO.C (File: demo.obj) Version: 1:0 09/18/2007 22:53:25

    Name                                        Base        Top      Size
    --------------------------------------- ----------- ----------- ---------
    Segment: BSS                               D:FFE865    D:FFE867        3h
    Segment: CODE                              C:00046D    C:000C06      79ah
    Segment: DATA                              D:FFE403    D:FFE40B        9h
    Segment: STRSECT                           C:003D69    C:004105      39dh


Module: .\LEDMATRIX.C (File: LedMatrix.obj) Version: 1:0 09/15/2007 23:56:11

    Name                                        Base        Top      Size
    --------------------------------------- ----------- ----------- ---------
    Segment: BSS                               D:FFE868    D:FFE86E        7h
    Segment: CODE                              C:000C07    C:000E16      210h
    Segment: DATA                              D:FFE40C    D:FFE78B      380h


Module: .\LEDTIMER.C (File: LedTimer.obj) Version: 1:0 09/15/2007 23:56:13

    Name                                        Base        Top      Size
    --------------------------------------- ----------- ----------- ---------
    Segment: BSS                               D:FFE86F    D:FFE873        5h
    Segment: CODE                              C:000E17    C:000F61      14bh


Module: .\MAIN.C (File: main.obj) Version: 1:0 09/17/2007 21:44:47

    Name                                        Base        Top      Size
    --------------------------------------- ----------- ----------- ---------
    Segment: CODE                              C:000F62    C:000F9E       3dh
    Segment: DATA                              D:FFE78C    D:FFE793        8h
    Segment: TEXT                              C:003D65    C:003D68        4h


Module: .\MAINLOOP.C (File: mainloop.obj) Version: 1:0 09/18/2007 22:30:27

    Name                                        Base        Top      Size
    --------------------------------------- ----------- ----------- ---------
    Segment: CODE                              C:000F9F    C:0010B7      119h
    Segment: STRSECT                           C:004106    C:004174       6fh


Module: .\MLOOP.C (File: mloop.obj) Version: 1:0 09/18/2007 22:39:32

    Name                                        Base        Top      Size
    --------------------------------------- ----------- ----------- ---------
    Segment: BSS                               D:FFE874    D:FFE876        3h
    Segment: CODE                              C:0010B8    C:001D96      cdfh
    Segment: STRSECT                           C:004175    C:00423C       c8h


Module: .\strcat.asm (Library: crtD.lib) Version: 1:0 07/11/2003 10:37:32

    Name                                        Base        Top      Size
    --------------------------------------- ----------- ----------- ---------
    Segment: CODE                              C:002711    C:002742       32h


Module: .\strcmp.asm (Library: crtD.lib) Version: 1:0 07/11/2003 10:37:32

    Name                                        Base        Top      Size
    --------------------------------------- ----------- ----------- ---------
    Segment: CODE                              C:002BD6    C:002BF9       24h


Module: .\strlen.asm (Library: crtD.lib) Version: 1:0 07/11/2003 10:37:32

    Name                                        Base        Top      Size
    --------------------------------------- ----------- ----------- ---------
    Segment: CODE                              C:002B40    C:002B5E       1fh


Module: .\strncpy.asm (Library: crtD.lib) Version: 1:0 07/11/2003 10:37:32

    Name                                        Base        Top      Size
    --------------------------------------- ----------- ----------- ---------
    Segment: CODE                              C:00275A    C:0027B2       59h


Module: C:\ZilogSW\Build\candidate\temp2\eZ80\src\rtl\common\bstix.asm (Library: crtD.lib) Version: 1:0 07/11/2003 10:37:28

    Name                                        Base        Top      Size
    --------------------------------------- ----------- ----------- ---------
    Segment: CODE                              C:00322D    C:00323C       10h


Module: C:\ZilogSW\Build\candidate\temp2\eZ80\src\rtl\common\case.asm (Library: crtD.lib) Version: 1:0 07/11/2003 10:37:28

    Name                                        Base        Top      Size
    --------------------------------------- ----------- ----------- ---------
    Segment: CODE                              C:0032BA    C:0032E5       2ch


Module: C:\ZilogSW\Build\candidate\temp2\eZ80\src\rtl\common\iand.asm (Library: crtD.lib) Version: 1:0 07/11/2003 10:37:28

    Name                                        Base        Top      Size
    --------------------------------------- ----------- ----------- ---------
    Segment: CODE                              C:001DD8    C:001E04       2dh


Module: C:\ZilogSW\Build\candidate\temp2\eZ80\src\rtl\common\idivu.asm (Library: crtD.lib) Version: 1:0 07/11/2003 10:37:28

    Name                                        Base        Top      Size
    --------------------------------------- ----------- ----------- ---------
    Segment: CODE                              C:002A53    C:002A96       44h


Module: C:\ZilogSW\Build\candidate\temp2\eZ80\src\rtl\common\ildix.asm (Library: crtD.lib) Version: 1:0 07/11/2003 10:37:28

    Name                                        Base        Top      Size
    --------------------------------------- ----------- ----------- ---------
    Segment: CODE                              C:002D31    C:002D3D        dh


Module: C:\ZilogSW\Build\candidate\temp2\eZ80\src\rtl\common\ildiy.asm (Library: crtD.lib) Version: 1:0 07/11/2003 10:37:28

    Name                                        Base        Top      Size
    --------------------------------------- ----------- ----------- ---------
    Segment: CODE                              C:002D3E    C:002D49        ch


Module: C:\ZilogSW\Build\candidate\temp2\eZ80\src\rtl\common\imuls.asm (Library: crtD.lib) Version: 1:0 07/11/2003 10:37:28

    Name                                        Base        Top      Size
    --------------------------------------- ----------- ----------- ---------
    Segment: CODE                              C:0027B3    C:002882       d0h


Module: C:\ZilogSW\Build\candidate\temp2\eZ80\src\rtl\common\imulu.asm (Library: crtD.lib) Version: 1:0 07/11/2003 10:37:29

    Name                                        Base        Top      Size
    --------------------------------------- ----------- ----------- ---------
    Segment: CODE                              C:002883    C:0028F4       72h


Module: C:\ZilogSW\Build\candidate\temp2\eZ80\src\rtl\common\indcall.asm (Library: crtD.lib) Version: 1:0 07/11/2003 10:37:29

    Name                                        Base        Top      Size
    --------------------------------------- ----------- ----------- ---------
    Segment: CODE                              C:00323D    C:00323E        2h


Module: C:\ZilogSW\Build\candidate\temp2\eZ80\src\rtl\common\ineg.asm (Library: crtD.lib) Version: 1:0 07/11/2003 10:37:29

    Name                                        Base        Top      Size
    --------------------------------------- ----------- ----------- ---------
    Segment: CODE                              C:003C22    C:003C2E        dh


Module: C:\ZilogSW\Build\candidate\temp2\eZ80\src\rtl\common\ior.asm (Library: crtD.lib) Version: 1:0 07/11/2003 10:37:29

    Name                                        Base        Top      Size
    --------------------------------------- ----------- ----------- ---------
    Segment: CODE                              C:003257    C:003283       2dh


Module: C:\ZilogSW\Build\candidate\temp2\eZ80\src\rtl\common\ishrs.asm (Library: crtD.lib) Version: 1:0 07/11/2003 10:37:29

    Name                                        Base        Top      Size
    --------------------------------------- ----------- ----------- ---------
    Segment: CODE                              C:002B0E    C:002B3F       32h


Module: C:\ZilogSW\Build\candidate\temp2\eZ80\src\rtl\common\istix.asm (Library: crtD.lib) Version: 1:0 07/11/2003 10:37:29

    Name                                        Base        Top      Size
    --------------------------------------- ----------- ----------- ---------
    Segment: CODE                              C:003247    C:003256       10h


Module: C:\ZilogSW\Build\candidate\temp2\eZ80\src\rtl\common\istiy.asm (Library: crtD.lib) Version: 1:0 07/11/2003 10:37:29

    Name                                        Base        Top      Size
    --------------------------------------- ----------- ----------- ---------
    Segment: CODE                              C:003284    C:00328F        ch


Module: C:\ZilogSW\Build\candidate\temp2\eZ80\src\rtl\common\itol.asm (Library: crtD.lib) Version: 1:0 07/11/2003 10:37:29

    Name                                        Base        Top      Size
    --------------------------------------- ----------- ----------- ---------
    Segment: CODE                              C:001DC4    C:001DD7       14h


Module: C:\ZilogSW\Build\candidate\temp2\eZ80\src\rtl\common\ladd.asm (Library: crtD.lib) Version: 1:0 07/11/2003 10:37:30

    Name                                        Base        Top      Size
    --------------------------------------- ----------- ----------- ---------
    Segment: CODE                              C:003C1B    C:003C21        7h


Module: C:\ZilogSW\Build\candidate\temp2\eZ80\src\rtl\common\land.asm (Library: crtD.lib) Version: 1:0 07/11/2003 10:37:30

    Name                                        Base        Top      Size
    --------------------------------------- ----------- ----------- ---------
    Segment: CODE                              C:002975    C:0029A4       30h


Module: C:\ZilogSW\Build\candidate\temp2\eZ80\src\rtl\common\lcmps.asm (Library: crtD.lib) Version: 1:0 07/11/2003 10:37:30

    Name                                        Base        Top      Size
    --------------------------------------- ----------- ----------- ---------
    Segment: CODE                              C:003D3E    C:003D64       27h


Module: C:\ZilogSW\Build\candidate\temp2\eZ80\src\rtl\common\lcmpu.asm (Library: crtD.lib) Version: 1:0 07/11/2003 10:37:30

    Name                                        Base        Top      Size
    --------------------------------------- ----------- ----------- ---------
    Segment: CODE                              C:003810    C:003814        5h


Module: C:\ZilogSW\Build\candidate\temp2\eZ80\src\rtl\common\ldivs.asm (Library: crtD.lib) Version: 1:0 07/11/2003 10:37:30

    Name                                        Base        Top      Size
    --------------------------------------- ----------- ----------- ---------
    Segment: CODE                              C:002A97    C:002B0D       77h


Module: C:\ZilogSW\Build\candidate\temp2\eZ80\src\rtl\common\ldivu.asm (Library: crtD.lib) Version: 1:0 07/11/2003 10:37:30

    Name                                        Base        Top      Size
    --------------------------------------- ----------- ----------- ---------
    Segment: CODE                              C:002B5F    C:002BD5       77h


Module: C:\ZilogSW\Build\candidate\temp2\eZ80\src\rtl\common\lmuls.asm (Library: crtD.lib) Version: 1:0 07/11/2003 10:37:30

    Name                                        Base        Top      Size
    --------------------------------------- ----------- ----------- ---------
    Segment: CODE                              C:0028F5    C:002974       80h


Module: C:\ZilogSW\Build\candidate\temp2\eZ80\src\rtl\common\lmulu.asm (Library: crtD.lib) Version: 1:0 07/11/2003 10:37:30

    Name                                        Base        Top      Size
    --------------------------------------- ----------- ----------- ---------
    Segment: CODE                              C:0029A5    C:002A52       aeh


Module: C:\ZilogSW\Build\candidate\temp2\eZ80\src\rtl\common\lneg.asm (Library: crtD.lib) Version: 1:0 07/11/2003 10:37:30

    Name                                        Base        Top      Size
    --------------------------------------- ----------- ----------- ---------
    Segment: CODE                              C:0032E6    C:0032F5       10h


Module: C:\ZilogSW\Build\candidate\temp2\eZ80\src\rtl\common\lrems.asm (Library: crtD.lib) Version: 1:0 07/11/2003 10:37:30

    Name                                        Base        Top      Size
    --------------------------------------- ----------- ----------- ---------
    Segment: CODE                              C:003CC3    C:003D3D       7bh


Module: C:\ZilogSW\Build\candidate\temp2\eZ80\src\rtl\common\lremu.asm (Library: crtD.lib) Version: 1:0 07/11/2003 10:37:30

    Name                                        Base        Top      Size
    --------------------------------------- ----------- ----------- ---------
    Segment: CODE                              C:003815    C:003889       75h


Module: C:\ZilogSW\Build\candidate\temp2\eZ80\src\rtl\common\sbrk.asm (Library: crtD.lib) Version: 1:0 07/11/2003 10:37:31

    Name                                        Base        Top      Size
    --------------------------------------- ----------- ----------- ---------
    Segment: CODE                              C:002D4A    C:002D85       3ch


Module: C:\ZilogSW\Build\candidate\temp2\eZ80\src\rtl\common\stoiu.asm (Library: crtD.lib) Version: 1:0 07/11/2003 10:37:32

    Name                                        Base        Top      Size
    --------------------------------------- ----------- ----------- ---------
    Segment: CODE                              C:00323F    C:003246        8h


Module: COMMON\ABS.C (Library: crtD.lib) Version: 1:0 07/11/2003 10:37:28

    Name                                        Base        Top      Size
    --------------------------------------- ----------- ----------- ---------
    Segment: CODE                              C:003290    C:0032B9       2ah


Module: COMMON\ATOI.C (Library: crtD.lib) Version: 1:0 07/11/2003 10:37:28

    Name                                        Base        Top      Size
    --------------------------------------- ----------- ----------- ---------
    Segment: CODE                              C:0026EE    C:002710       23h


Module: common\cstartup.asm (File: cstartup.obj) Version: 1:0 07/11/2003 10:37:08

    Name                                        Base        Top      Size
    --------------------------------------- ----------- ----------- ---------
    Segment: .STARTUP                          C:00010B    C:000189       7fh
    Segment: DATA                              D:FFE402    D:FFE402        1h


Module: common\fpdumy.asm (File: fpdumy.obj) Version: 1:0 07/11/2003 10:37:08

    Name                                        Base        Top      Size
    --------------------------------------- ----------- ----------- ---------
    Segment: CODE                              C:001D97    C:001D97        1h


Module: COMMON\FREE.C (Library: crtD.lib) Version: 1:0 07/11/2003 10:37:28

    Name                                        Base        Top      Size
    --------------------------------------- ----------- ----------- ---------
    Segment: CODE                              C:002BFA    C:002D30      137h


Module: COMMON\GETCHAR.C (Library: crtD.lib) Version: 1:0 07/11/2003 10:37:28

    Name                                        Base        Top      Size
    --------------------------------------- ----------- ----------- ---------
    Segment: CODE                              C:002743    C:002759       17h


Module: COMMON\ISLOWER.C (Library: crtD.lib) Version: 1:0 07/11/2003 10:37:29

    Name                                        Base        Top      Size
    --------------------------------------- ----------- ----------- ---------
    Segment: CODE                              C:003BD4    C:003C1A       47h


Module: COMMON\ISSPACE.C (Library: crtD.lib) Version: 1:0 07/11/2003 10:37:29

    Name                                        Base        Top      Size
    --------------------------------------- ----------- ----------- ---------
    Segment: CODE                              C:0026A7    C:0026ED       47h


Module: COMMON\MALLOC.C (Library: crtD.lib) Version: 1:0 07/11/2003 10:37:30

    Name                                        Base        Top      Size
    --------------------------------------- ----------- ----------- ---------
    Segment: BSS                               D:FFE877    D:FFE87C        6h
    Segment: CODE                              C:001E05    C:001F96      192h
    Segment: DATA                              D:FFE794    D:FFE796        3h


Module: COMMON\MAPTAB.C (Library: crtD.lib) Version: 1:0 07/11/2003 10:37:30

    Name                                        Base        Top      Size
    --------------------------------------- ----------- ----------- ---------
    Segment: DATA                              D:FFE79B    D:FFE81A       80h


Module: COMMON\PRINTF.C (Library: crtD.lib) Version: 1:0 07/11/2003 10:37:31

    Name                                        Base        Top      Size
    --------------------------------------- ----------- ----------- ---------
    Segment: CODE                              C:001D98    C:001DC3       2ch


Module: COMMON\STRTOL.C (Library: crtD.lib) Version: 1:0 07/11/2003 10:37:32

    Name                                        Base        Top      Size
    --------------------------------------- ----------- ----------- ---------
    Segment: CODE                              C:003529    C:00380F      2e7h


Module: COMMON\TOUPPER.C (Library: crtD.lib) Version: 1:0 07/11/2003 10:37:33

    Name                                        Base        Top      Size
    --------------------------------------- ----------- ----------- ---------
    Segment: CODE                              C:003B9D    C:003BD3       37h


Module: COMMON\ULTOA.C (Library: crtD.lib) Version: 1:0 07/11/2003 10:37:33

    Name                                        Base        Top      Size
    --------------------------------------- ----------- ----------- ---------
    Segment: CODE                              C:00388A    C:003B9C      313h


Module: COMMON\UPRINT.C (Library: crtD.lib) Version: 1:0 07/11/2003 10:37:34

    Name                                        Base        Top      Size
    --------------------------------------- ----------- ----------- ---------
    Segment: BSS                               D:FFE87D    D:FFE895       19h
    Segment: CODE                              C:001F97    C:0026A6      710h
    Segment: DATA                              D:FFE797    D:FFE79A        4h


Module: COMMON\UPSCAN.C (Library: crtD.lib) Version: 1:0 07/11/2003 10:37:34

    Name                                        Base        Top      Size
    --------------------------------------- ----------- ----------- ---------
    Segment: CODE                              C:002D86    C:00322C      4a7h
    Segment: DATA                              D:FFE81B    D:FFE862       48h


Module: COMMON\UREVERSE.C (Library: crtD.lib) Version: 1:0 07/11/2003 10:37:34

    Name                                        Base        Top      Size
    --------------------------------------- ----------- ----------- ---------
    Segment: CODE                              C:003C2F    C:003CC2       94h


Module: COMMON\UULTOA.C (Library: crtD.lib) Version: 1:0 07/11/2003 10:37:35

    Name                                        Base        Top      Size
    --------------------------------------- ----------- ----------- ---------
    Segment: CODE                              C:0032F6    C:003528      233h


Module: common\vectors24.asm (File: vectors24.obj) Version: 1:0 07/11/2003 10:37:08

    Name                                        Base        Top      Size
    --------------------------------------- ----------- ----------- ---------
    Segment: .IVECTS                           D:FFE000    D:FFE3FF      400h
    Segment: .RESET                            C:000000    C:00006D       6eh
    Segment: CODE                              C:00018A    C:0001D1       48h
    Segment: DATA                              D:FFE400    D:FFE401        2h


Module: eZ80F91\init_params_f91.asm (File: init_params_f91.obj) Version: 1:0 07/11/2003 10:37:08

    Name                                        Base        Top      Size
    --------------------------------------- ----------- ----------- ---------
    Segment: .STARTUP                          C:00006E    C:00010A       9dh

EXTERNAL DEFINITIONS:
=====================

Symbol                             Address   Module          Segment
-------------------------------- ----------- --------------- --------------------------------
___maptab                           D:FFE79B MAPTAB          DATA                            
__allocp                            D:FFE794 MALLOC          DATA                            
__bstix                             C:00322D bstix           CODE                            
__c_startup                         C:00010B cstartup        .STARTUP                        
__case                              C:0032BA case            CODE                            
__copy_code_to_ram                  00000000 (User Defined)
__crtl                              00000001 (User Defined)
__CS0_CTL_INIT_PARAM                00000000 (User Defined)
__CS0_LBR_INIT_PARAM                00000000 (User Defined)
__CS0_UBR_INIT_PARAM                00000000 (User Defined)
__CS1_CTL_INIT_PARAM                00000028 (User Defined)
__CS1_LBR_INIT_PARAM                00000000 (User Defined)
__CS1_UBR_INIT_PARAM                00000007 (User Defined)
__CS2_CTL_INIT_PARAM                00000000 (User Defined)
__CS2_LBR_INIT_PARAM                00000000 (User Defined)
__CS2_UBR_INIT_PARAM                00000000 (User Defined)
__CS3_CTL_INIT_PARAM                00000000 (User Defined)
__CS3_LBR_INIT_PARAM                00000000 (User Defined)
__CS3_UBR_INIT_PARAM                00000000 (User Defined)
__cstartup                          D:000001 cstartup        DATA                            
__default_mi_handler                C:00018C vectors24       CODE                            
__default_nmi_handler               C:00018A vectors24       CODE                            
__fcmp                              C:001D97 fpdumy          CODE                            
__fdiv                              C:001D97 fpdumy          CODE                            
__FLASH_ADDR_U_INIT_PARAM           00000000 (User Defined)
__FLASH_CTL_INIT_PARAM              00000080 (User Defined)
__fmul                              C:001D97 fpdumy          CODE                            
__fneg                              C:001D97 fpdumy          CODE                            
__fpftol                            C:001D97 fpdumy          CODE                            
__fpltof                            C:001D97 fpdumy          CODE                            
__fpultof                           C:001D97 fpdumy          CODE                            
__fsub                              C:001D97 fpdumy          CODE                            
__heapbot                           00FFE895 (User Defined)
__heaptop                           00FFFFFD (User Defined)
__iand                              C:001DD8 iand            CODE                            
__idivu                             C:002A53 idivu           CODE                            
__ildix                             C:002D31 ildix           CODE                            
__ildiy                             C:002D3E ildiy           CODE                            
__imuls                             C:0027B3 imuls           CODE                            
__imulu                             C:002883 imulu           CODE                            
__indcall                           C:00323D indcall         CODE                            
__ineg                              C:003C22 ineg            CODE                            
__init                              C:00006E init_params_f91 .STARTUP                        
__init_default_vectors              C:00018F vectors24       CODE                            
__ior                               C:003257 ior             CODE                            
__ishrs                             C:002B0E ishrs           CODE                            
__istix                             C:003247 istix           CODE                            
__istiy                             C:003284 istiy           CODE                            
__itol                              C:001DC4 itol            CODE                            
__ladd                              C:003C1B ladd            CODE                            
__land                              C:002975 land            CODE                            
__lcmps                             C:003D3E lcmps           CODE                            
__lcmpu                             C:003810 lcmpu           CODE                            
__ldivs                             C:002A97 ldivs           CODE                            
__ldivu                             C:002B5F ldivu           CODE                            
__len_bss                           00000033 (User Defined)
__len_code                          00003BDB (User Defined)
__len_data                          00000463 (User Defined)
__lmuls                             C:0028F5 lmuls           CODE                            
__lmulu                             C:0029A5 lmulu           CODE                            
__lneg                              C:0032E6 lneg            CODE                            
__low_bss                           00FFE863 (User Defined)
__low_code                          0000018A (User Defined)
__low_data                          00FFE400 (User Defined)
__low_romcode                       00000000 (User Defined)
__low_romdata                       0000423D (User Defined)
__lrems                             C:003CC3 lrems           CODE                            
__lremu                             C:003815 lremu           CODE                            
__nvectors                          D:FFE400 vectors24       DATA                            
__RAM_ADDR_U_INIT_PARAM             000000FF (User Defined)
__RAM_CTL_INIT_PARAM                00000080 (User Defined)
__s_sbrk                            C:002D4D sbrk            CODE                            
__set_vector                        C:0001AF vectors24       CODE                            
__stack                             00FFFFFD (User Defined)
__stoiu                             C:00323F stoiu           CODE                            
__u_dtoe                            C:001D97 fpdumy          CODE                            
__u_dtof                            C:001D97 fpdumy          CODE                            
__u_dtog                            C:001D97 fpdumy          CODE                            
__u_flt_info                        C:001D97 fpdumy          CODE                            
__u_flt_rnd                         C:001D97 fpdumy          CODE                            
__u_ltoa                            C:00388A ULTOA           CODE                            
__u_print                           C:002177 UPRINT          CODE                            
__u_pscan                           C:002D86 UPSCAN          CODE                            
__u_reverse                         C:003C2F UREVERSE        CODE                            
__u_ultoa                           C:0032F6 UULTOA          CODE                            
__vector_table                      D:FFE000 vectors24       .IVECTS                         
_abs                                C:003290 ABS             CODE                            
_acos                               C:001D97 fpdumy          CODE                            
_asin                               C:001D97 fpdumy          CODE                            
_atan                               C:001D97 fpdumy          CODE                            
_atan2                              C:001D97 fpdumy          CODE                            
_atoi                               C:0026EE ATOI            CODE                            
_BlockTask                          C:0015DD MLOOP           CODE                            
_buttons_init                       C:000248 BUTTONS         CODE                            
_ceil                               C:001D97 fpdumy          CODE                            
_char_rcvd                          D:FFE864 CONSOLE         BSS                             
_char_ready                         D:FFE863 CONSOLE         BSS                             
_CheckMessageQueue                  C:001B97 MLOOP           CODE                            
_ClearMessageQueue                  C:001B57 MLOOP           CODE                            
_console_init                       C:000310 CONSOLE         CODE                            
_cosh                               C:001D97 fpdumy          CODE                            
_CreateTask                         C:0011C4 MLOOP           CODE                            
_data                               D:FFE865 DEMO            BSS                             
_DeleteTask                         C:001401 MLOOP           CODE                            
_DemoClose                          C:0005C0 DEMO            CODE                            
_DemoHelp                           C:0005E4 DEMO            CODE                            
_DemoInit                           C:0004C9 DEMO            CODE                            
_DemoInteractive                    C:00066A DEMO            CODE                            
_DemoRun                            C:0005D2 DEMO            CODE                            
_device_name                        D:FFE78C MAIN            DATA                            
_DisplayTaskList                    C:001909 MLOOP           CODE                            
_dummy                              C:000AFE DEMO            CODE                            
_dummygetid                         C:000B35 DEMO            CODE                            
_dummysuspend                       C:000B7F DEMO            CODE                            
_errno                              D:FFE402 cstartup        DATA                            
_ErrorOpenFile                      C:000BEA DEMO            CODE                            
_ErrorUsage                         C:000BD2 DEMO            CODE                            
_ExecuteTask                        C:00171F MLOOP           CODE                            
_exp                                C:001D97 fpdumy          CODE                            
_fabs                               C:001D97 fpdumy          CODE                            
_FindTaskIndex                      C:0016C7 MLOOP           CODE                            
_floor                              C:001D97 fpdumy          CODE                            
_fmod                               C:001D97 fpdumy          CODE                            
_free                               C:002BFA FREE            CODE                            
_FreeTasking                        C:001129 MLOOP           CODE                            
_gbContext                          D:FFE874 MLOOP           BSS                             
_getch                              C:000432 CONSOLE         CODE                            
_getchar                            C:002743 GETCHAR         CODE                            
_getche                             C:000448 CONSOLE         CODE                            
_getstr                             C:00046D DEMO            CODE                            
_GetTaskId                          C:001A59 MLOOP           CODE                            
_GetTaskMemPtr                      C:001AE5 MLOOP           CODE                            
_GetTaskMemSize                     C:001B1E MLOOP           CODE                            
_init_default_vectors               C:00018F vectors24       CODE                            
_InitTasking                        C:0010B8 MLOOP           CODE                            
_islower                            C:003BD4 ISLOWER         CODE                            
_isspace                            C:0026A7 ISSPACE         CODE                            
_kbhit                              C:0003B2 CONSOLE         CODE                            
_ldexp                              C:001D97 fpdumy          CODE                            
_ledmatrix_clear                    C:000C36 LEDMATRIX       CODE                            
_ledmatrix_fill                     C:000C4D LEDMATRIX       CODE                            
_ledmatrix_flash                    C:000D88 LEDMATRIX       CODE                            
_ledmatrix_init                     C:000C07 LEDMATRIX       CODE                            
_ledmatrix_putc                     C:000C64 LEDMATRIX       CODE                            
_ledmatrix_puts                     C:000CA4 LEDMATRIX       CODE                            
_ledmatrix_spin                     C:000D09 LEDMATRIX       CODE                            
_ledmatrix_test                     C:000DD3 LEDMATRIX       CODE                            
_ledtimer_init                      C:000E8B LEDTIMER        CODE                            
_log                                C:001D97 fpdumy          CODE                            
_log10                              C:001D97 fpdumy          CODE                            
_main                               C:000F62 MAIN            CODE                            
_mainloop                           C:000F9F MAINLOOP        CODE                            
_malloc                             C:001E79 MALLOC          CODE                            
_matrix_char_map                    D:FFE40C LEDMATRIX       DATA                            
_p_user_input                       D:FFE86B LEDMATRIX       BSS                             
_ParseString                        C:00100A MAINLOOP        CODE                            
_pb0_isr                            C:0001D2 BUTTONS         CODE                            
_pb1_isr                            C:0001F8 BUTTONS         CODE                            
_pb2_isr                            C:000220 BUTTONS         CODE                            
_pcolumn                            D:FFE868 LEDMATRIX       BSS                             
_pow                                C:001D97 fpdumy          CODE                            
_printf                             C:001D98 PRINTF          CODE                            
_putch                              C:0003D1 CONSOLE         CODE                            
_ReadMessage                        C:001BD0 MLOOP           CODE                            
_reset                              C:000000 vectors24       .RESET                          
_ResumeTask                         C:001568 MLOOP           CODE                            
_SendMessage                        C:001C6E MLOOP           CODE                            
_SequenceTaskList                   C:001778 MLOOP           CODE                            
_set_vector                         C:0001AF vectors24       CODE                            
_sinh                               C:001D97 fpdumy          CODE                            
_sqrt                               C:001D97 fpdumy          CODE                            
_strcat                             C:002711 strcat          CODE                            
_strcmp                             C:002BD6 strcmp          CODE                            
_strlen                             C:002B40 strlen          CODE                            
_strncpy                            C:00275A strncpy         CODE                            
_strtol                             C:003529 STRTOL          CODE                            
_SuspendTask                        C:0014F3 MLOOP           CODE                            
_tan                                C:001D97 fpdumy          CODE                            
_tanh                               C:001D97 fpdumy          CODE                            
_timer                              D:FFE86F LEDTIMER        BSS                             
_tmr2_isr                           C:000E17 LEDTIMER        CODE                            
_toupper                            C:003B9D TOUPPER         CODE                            
_uart0_isr                          C:0002CD CONSOLE         CODE                            
_UnBlockTask                        C:001652 MLOOP           CODE                            
_user_input                         D:FFE86E LEDMATRIX       BSS                             
_version                            C:003D65 MAIN            TEXT                            
_wait                               C:000F0D LEDTIMER        CODE                            

187 external symbol(s).


END OF LINK MAP:
================
0 Errors
0 Warnings
